2026-09-27T03:35:08+00:00 #0002 IN pocketmine\network\mcpe\protocol\LoginPacket pid=1 bytes=588012 sha256=e3af4b208b4cbc1e head=0100000891e4f123580400007b2241757468656e7469636174696f6e54797065223a302c22546f6b656e223a2265794a
2026-09-27T03:35:09+00:00 #0003 OUT pocketmine\network\mcpe\protocol\ServerToClientHandshakePacket pid=3 bytes=426 sha256=bb4377971a8a1024 head=03a70365794a344e5855694f694a4e53466c335255465a53457476576b6c36616a42445156465a526b73305255564251
2026-09-27T03:35:09+00:00 #0004 IN pocketmine\network\mcpe\protocol\ClientToServerHandshakePacket pid=4 bytes=1 sha256=e52d9c508c502347 head=04
2026-09-27T03:35:09+00:00 #0005 OUT pocketmine\network\mcpe\protocol\PlayStatusPacket pid=2 bytes=5 sha256=395c2f5598a1643a head=0200000000
2026-09-27T03:35:09+00:00 #0006 OUT pocketmine\network\mcpe\protocol\ResourcePacksInfoPacket pid=6 bytes=23 sha256=3ca4f9cda12a642b head=0600000001000000000000000000000000000000000000
2026-09-27T03:35:09+00:00 #0007 IN pocketmine\network\mcpe\protocol\ClientCacheStatusPacket pid=129 bytes=3 sha256=2097c83d834b8fb5 head=810101
2026-09-27T03:35:09+00:00 #0008 IN pocketmine\network\mcpe\protocol\ResourcePackClientResponsePacket pid=8 bytes=22 sha256=39508a98df7c979c head=080213646f776e6c6f6164696e6766696e6973686564
2026-09-27T03:35:09+00:00 #0009 OUT pocketmine\network\mcpe\protocol\ResourcePackStackPacket pid=7 bytes=336 sha256=7651a134d8951e98 head=0700072462343163323738352d633531322d346134392d616635362d33613837616664343763353707312e32312e3330
2026-09-27T03:35:10+00:00 #0010 IN pocketmine\network\mcpe\protocol\ResourcePackClientResponsePacket pid=8 bytes=28 sha256=4b9db4089452e29d head=0803197265736f757263657061636b737461636b66696e6973686564
2026-09-27T03:35:10+00:00 #0011 OUT pocketmine\network\mcpe\protocol\JigsawStructureDataPacket pid=313 bytes=66 sha256=a1aa8185406376ca head=b9020a00090a70726f636573736f72730a00090e74656d706c6174655f706f6f6c730a0009076a6967736177730a0009
2026-09-27T03:35:10+00:00 #0012 OUT pocketmine\network\mcpe\protocol\VoxelShapesPacket pid=337 bytes=23180 sha256=4c7fe95958ce6fbb head=d1029f0200000000010000000001000000000100000000010101010102000000000000803f02000000000000803f0200
2026-09-27T03:35:10+00:00 #0013 OUT pocketmine\network\mcpe\protocol\StartGamePacket pid=11 bytes=73114 sha256=be23eada2fe166e3 head=0b020102000f7e43171991425f47604320b7be4042e62d43ffffffffffffffff000000000200000480048c0180040100
2026-09-27T03:35:10+00:00 #0014 OUT pocketmine\network\mcpe\protocol\ItemRegistryPacket pid=162 bytes=111638 sha256=f1ebd0e3ec78840b head=a2019c10156d696e6563726166743a6163616369615f626f61747e0100040a0000176d696e6563726166743a61636163
2026-09-27T03:35:10+00:00 #0015 OUT pocketmine\network\mcpe\protocol\AvailableActorIdentifiersPacket pid=119 bytes=8908 sha256=037ff70137e066f2 head=770a00090669646c6973740a920208036269640a6d696e6563726166743a010b686173737061776e6567670008026964
2026-09-27T03:35:10+00:00 #0016 OUT pocketmine\network\mcpe\protocol\BiomeDefinitionListPacket pid=122 bytes=7668 sha256=acf9d375343897b3 head=7a590000ffff0000003f0000003f00000000000080bfcdcccc3dd48717a501010501000200030004000500000600ffff
2026-09-27T03:35:10+00:00 #0017 OUT pocketmine\network\mcpe\protocol\AvailableCommandsPacket pid=76 bytes=3364 sha256=44e4a7f7d2e09f77 head=4c150773756963696465046b696c6c05756e62616e06706172646f6e08756e62616e2d697009706172646f6e2d697002
2026-09-27T03:35:10+00:00 #0018 OUT pocketmine\network\mcpe\protocol\UpdateAbilitiesPacket pid=187 bytes=35 sha256=138e4d10ebc3d754 head=bb0101000000000000000201010100ffff0f00ff0d0000cdcc4c3d0000803fcdcccc3d
2026-09-27T03:35:10+00:00 #0019 OUT pocketmine\network\mcpe\protocol\UpdateAdventureSettingsPacket pid=188 bytes=7 sha256=b1277b141faca248 head=bc010000000101
2026-09-27T03:35:10+00:00 #0020 OUT pocketmine\network\mcpe\protocol\InventoryContentPacket pid=49 bytes=301 sha256=36d63e3373b839ed head=310024000000000000000000000000000000000000000000000000000000000000000000000000000000000000000000
2026-09-27T03:35:10+00:00 #0021 OUT pocketmine\network\mcpe\protocol\InventoryContentPacket pid=49 bytes=349 sha256=5c8e6933d460cc66 head=31002432014000000102000a0000000000000000000036ff4000000104ddc685e80c0a000000000000000000005f0101
2026-09-27T03:35:10+00:00 #0022 OUT pocketmine\network\mcpe\protocol\InventoryContentPacket pid=49 bytes=21 sha256=72f490538e05596a head=317701000000000000000000000000000000000000
2026-09-27T03:35:10+00:00 #0023 OUT pocketmine\network\mcpe\protocol\InventoryContentPacket pid=49 bytes=21 sha256=72f490538e05596a head=317701000000000000000000000000000000000000
2026-09-27T03:35:10+00:00 #0024 OUT pocketmine\network\mcpe\protocol\InventoryContentPacket pid=49 bytes=45 sha256=9c99e3f18c771c0c head=317804000000000000000000000000000000000000000000000000000000000000000000000000000000000000
2026-09-27T03:35:10+00:00 #0025 OUT pocketmine\network\mcpe\protocol\InventoryContentPacket pid=49 bytes=45 sha256=9c99e3f18c771c0c head=317804000000000000000000000000000000000000000000000000000000000000000000000000000000000000
2026-09-27T03:35:10+00:00 #0026 OUT pocketmine\network\mcpe\protocol\InventorySlotPacket pid=50 bytes=13 sha256=b2b569df4408e197 head=327c0000000000000000000000
2026-09-27T03:35:10+00:00 #0027 OUT pocketmine\network\mcpe\protocol\InventorySlotPacket pid=50 bytes=13 sha256=8eae216203eaf0cb head=327c1c00000000000000000000
2026-09-27T03:35:10+00:00 #0028 OUT pocketmine\network\mcpe\protocol\InventorySlotPacket pid=50 bytes=13 sha256=26a4b02324ab4f8c head=327c1d00000000000000000000
2026-09-27T03:35:10+00:00 #0029 OUT pocketmine\network\mcpe\protocol\InventorySlotPacket pid=50 bytes=13 sha256=f3d0e200407f320e head=327c1e00000000000000000000
2026-09-27T03:35:10+00:00 #0030 OUT pocketmine\network\mcpe\protocol\InventorySlotPacket pid=50 bytes=13 sha256=800e484c6229e273 head=327c1f00000000000000000000
2026-09-27T03:35:10+00:00 #0031 OUT pocketmine\network\mcpe\protocol\MobEquipmentPacket pid=31 bytes=24 sha256=4f27b44ae24d9c16 head=1f0132014000000102000a00000000000000000000000000
2026-09-27T03:35:10+00:00 #0032 OUT pocketmine\network\mcpe\protocol\CreativeContentPacket pid=145 bytes=50578 sha256=486eee88237432e4 head=91016b01156974656d47726f75702e6e616d652e706c616e6b730a010000ecead8a80e2effff010a00000318005f5f5f
2026-09-27T03:35:10+00:00 #0033 OUT pocketmine\network\mcpe\protocol\TrimDataPacket pid=302 bytes=1141 sha256=91f066f8af3ed456 head=ae02102c6d696e6563726166743a636f6173745f61726d6f725f7472696d5f736d697468696e675f74656d706c617465
2026-09-27T03:35:10+00:00 #0034 OUT pocketmine\network\mcpe\protocol\CraftingDataPacket pid=52 bytes=451943 sha256=0977b36cb7f56499 head=349e072465666164396662302d623565302d346434632d393739362d61353936336336656639643502040201046e616d
2026-09-27T03:35:10+00:00 #0035 OUT pocketmine\network\mcpe\protocol\PlayerListPacket pid=63 bytes=16607 sha256=5a14b8bfec09134b head=3f0101005f30b04b72479f1173a38e26a0660b88020c7a497834353335314e306c7a1032353335343135313433323535
2026-09-27T03:35:12+00:00 #0036 OUT pocketmine\network\mcpe\protocol\SetTimePacket pid=10 bytes=4 sha256=302cdfc89f16e141 head=0afec111
2026-09-27T03:35:12+00:00 #0037 IN pocketmine\network\mcpe\protocol\RequestChunkRadiusPacket pid=69 bytes=3 sha256=bb68ba1491c02a18 head=452c16
2026-09-27T03:35:12+00:00 #0038 OUT pocketmine\network\mcpe\protocol\ChunkRadiusUpdatedPacket pid=70 bytes=2 sha256=7f48535770b90535 head=4620
2026-09-27T03:35:12+00:00 #0039 IN pocketmine\network\mcpe\protocol\ServerboundLoadingScreenPacket pid=312 bytes=4 sha256=266efadddcd7f668 head=b8020200
2026-09-27T03:35:12+00:00 #0040 OUT pocketmine\network\mcpe\protocol\NetworkChunkPublisherUpdatePacket pid=121 bytes=13 sha256=fa208729fb0008d9 head=79fc038c01c003800200000000
2026-09-27T03:35:15+00:00 #0041 OUT pocketmine\network\mcpe\protocol\DisconnectPacket pid=5 bytes=18 sha256=6d2d2109574e10b8 head=0500000d53657276657220636c6f73656400
