2026-09-27 [03:46:58.205] [Server thread/INFO]: Loading server configuration
2026-09-27 [03:46:58.214] [Server thread/INFO]: Selected English (eng) as the base language
2026-09-27 [03:46:58.216] [Server thread/INFO]: Starting Minecraft: Bedrock Edition server version v26.50
2026-09-27 [03:46:58.216] [Server thread/INFO]: Multi-version support: accepting client protocols from 589 up to 2193 (31 versions supported)
2026-09-27 [03:46:58.238] [Server thread/INFO]: Online mode is enabled. The server will verify that players are authenticated to Xbox Live.
2026-09-27 [03:46:58.245] [Server thread/INFO]: This server is running PocketMine-Fenix version 5.48.0
2026-09-27 [03:46:58.245] [Server thread/INFO]: PocketMine-Fenix is distributed under the LGPL License
2026-09-27 [03:46:58.545] [Server thread/INFO]: Loading resource packs...
2026-09-27 [03:46:58.625] [Server thread/INFO]: Preparing world "world"
2026-09-27 [03:46:58.960] [Server thread/INFO]: Minecraft network interface running on 0.0.0.0:31495
2026-09-27 [03:46:58.961] [Server thread/INFO]: GS4 Query listener running on 0.0.0.0:31495
2026-09-27 [03:46:58.969] [Server thread/INFO]: Minecraft network interface running on [::]:19133
2026-09-27 [03:46:58.969] [Server thread/INFO]: GS4 Query listener running on [::]:19133
2026-09-27 [03:46:58.970] [Server thread/INFO]: Default game type: Survival Mode
2026-09-27 [03:46:58.970] [Server thread/INFO]: 

- Source code: https://github.com/PocketMine-Fenix/PocketMine-Fenix
- Free plugins: https://poggit.pmmp.io/plugins
- Bug reporting: https://github.com/PocketMine-Fenix/PocketMine-Fenix/issues

2026-09-27 [03:46:58.970] [Server thread/INFO]: Done (0.766s)! For help, type "help" or "?"
2026-09-27 [03:47:34.216] [Server thread/INFO]: [NetworkSession: 201.114.107.121 41044] Session opened
2026-09-27 [03:47:34.225] [Server thread/INFO]: [NetworkSession: 201.114.107.121 41044] [FENIX-BEDROCK] #0001 OUT pocketmine\network\mcpe\protocol\NetworkSettingsPacket pid=143 bytes=12 sha256=4b39a1c6135f69c6 head=8f0101000000000000000000
2026-09-27 [03:47:35.103] [Server thread/INFO]: [NetworkSession: 201.114.107.121 41044] [FENIX-BEDROCK] #0002 IN pocketmine\network\mcpe\protocol\LoginPacket pid=1 bytes=588067 sha256=4e72c5bfef4ca24e head=01000008919bf223580400007b2241757468656e7469636174696f6e54797065223a302c22546f6b656e223a2265794a
2026-09-27 [03:47:35.115] [Server thread/INFO]: [NetworkSession: 201.114.107.121 41044] Player: zIx45351N0lz
2026-09-27 [03:47:35.115] [Server thread/NOTICE]: [Minecraft Auth Key Provider] Fetching new authentication keys
2026-09-27 [03:47:35.839] [Server thread/INFO]: [Minecraft Auth Key Provider] Successfully fetched 3 new authentication keys from issuer https://authorization.franchise.minecraft-services.net/, key IDs: 472E53B520276E1F3B6BA6F95EBF09D61C2568BE, 3D5C5F6F4FBD601B0A451D7759A8730F34A6DA51, 31C1F30E3812C23912153BA83A4EC537E0E6CE84
2026-09-27 [03:47:35.858] [Server thread/INFO]: [NetworkSession: zIx45351N0lz] [FENIX-BEDROCK] #0003 OUT pocketmine\network\mcpe\protocol\ServerToClientHandshakePacket pid=3 bytes=427 sha256=ceaee50c35a60038 head=03a80365794a344e5855694f694a4e53466c335255465a53457476576b6c36616a42445156465a526b73305255564251
2026-09-27 [03:47:36.146] [Server thread/INFO]: [NetworkSession: zIx45351N0lz] [FENIX-BEDROCK] #0004 IN pocketmine\network\mcpe\protocol\ClientToServerHandshakePacket pid=4 bytes=1 sha256=e52d9c508c502347 head=04
2026-09-27 [03:47:36.146] [Server thread/INFO]: [NetworkSession: zIx45351N0lz] [FENIX-BEDROCK] #0005 OUT pocketmine\network\mcpe\protocol\PlayStatusPacket pid=2 bytes=5 sha256=395c2f5598a1643a head=0200000000
2026-09-27 [03:47:36.147] [Server thread/INFO]: [NetworkSession: zIx45351N0lz] [FENIX-BEDROCK] #0006 OUT pocketmine\network\mcpe\protocol\ResourcePacksInfoPacket pid=6 bytes=23 sha256=3ca4f9cda12a642b head=0600000001000000000000000000000000000000000000
2026-09-27 [03:47:36.388] [Server thread/INFO]: [NetworkSession: zIx45351N0lz] [FENIX-BEDROCK] #0007 IN pocketmine\network\mcpe\protocol\ClientCacheStatusPacket pid=129 bytes=3 sha256=2097c83d834b8fb5 head=810101
2026-09-27 [03:47:36.448] [Server thread/INFO]: [NetworkSession: zIx45351N0lz] [FENIX-BEDROCK] #0008 IN pocketmine\network\mcpe\protocol\ResourcePackClientResponsePacket pid=8 bytes=22 sha256=39508a98df7c979c head=080213646f776e6c6f6164696e6766696e6973686564
2026-09-27 [03:47:36.449] [Server thread/INFO]: [NetworkSession: zIx45351N0lz] [FENIX-BEDROCK] #0009 OUT pocketmine\network\mcpe\protocol\ResourcePackStackPacket pid=7 bytes=336 sha256=7651a134d8951e98 head=0700072462343163323738352d633531322d346134392d616635362d33613837616664343763353707312e32312e3330
2026-09-27 [03:47:37.204] [Server thread/INFO]: [NetworkSession: zIx45351N0lz] [FENIX-BEDROCK] #0010 IN pocketmine\network\mcpe\protocol\ResourcePackClientResponsePacket pid=8 bytes=28 sha256=4b9db4089452e29d head=0803197265736f757263657061636b737461636b66696e6973686564
2026-09-27 [03:47:37.255] [Server thread/INFO]: zIx45351N0lz[/201.114.107.121:41044] logged in with entity id 1 at (world, 254.0586, 70.928, 224.2788)
2026-09-27 [03:47:37.257] [Server thread/INFO]: [NetworkSession: zIx45351N0lz] [FENIX-BEDROCK] #0011 OUT pocketmine\network\mcpe\protocol\JigsawStructureDataPacket pid=313 bytes=66 sha256=a1aa8185406376ca head=b9020a00090a70726f636573736f72730a00090e74656d706c6174655f706f6f6c730a0009076a6967736177730a0009
2026-09-27 [03:47:37.280] [Server thread/INFO]: [NetworkSession: zIx45351N0lz] [FENIX-BEDROCK] #0012 OUT pocketmine\network\mcpe\protocol\VoxelShapesPacket pid=337 bytes=23180 sha256=4c7fe95958ce6fbb head=d1029f0200000000010000000001000000000100000000010101010102000000000000803f02000000000000803f0200
2026-09-27 [03:47:37.283] [Server thread/INFO]: [NetworkSession: zIx45351N0lz] [FENIX-BEDROCK] #0013 OUT pocketmine\network\mcpe\protocol\StartGamePacket pid=11 bytes=73114 sha256=3f5eb1bd62dd09a9 head=0b020102000f7e43171991425f47604320b7be4042e62d43ffffffffffffffff000000000200000480048c0180040100
2026-09-27 [03:47:37.285] [Server thread/INFO]: [NetworkSession: zIx45351N0lz] [FENIX-BEDROCK] #0014 OUT pocketmine\network\mcpe\protocol\ItemRegistryPacket pid=162 bytes=111638 sha256=f1ebd0e3ec78840b head=a2019c10156d696e6563726166743a6163616369615f626f61747e0100040a0000176d696e6563726166743a61636163
2026-09-27 [03:47:37.286] [Server thread/INFO]: [NetworkSession: zIx45351N0lz] [FENIX-BEDROCK] #0015 OUT pocketmine\network\mcpe\protocol\AvailableActorIdentifiersPacket pid=119 bytes=8908 sha256=037ff70137e066f2 head=770a00090669646c6973740a920208036269640a6d696e6563726166743a010b686173737061776e6567670008026964
2026-09-27 [03:47:37.286] [Server thread/INFO]: [NetworkSession: zIx45351N0lz] [FENIX-BEDROCK] #0016 OUT pocketmine\network\mcpe\protocol\BiomeDefinitionListPacket pid=122 bytes=7668 sha256=acf9d375343897b3 head=7a590000ffff0000003f0000003f00000000000080bfcdcccc3dd48717a501010501000200030004000500000600ffff
2026-09-27 [03:47:37.287] [Server thread/INFO]: [NetworkSession: zIx45351N0lz] [FENIX-BEDROCK] #0017 OUT pocketmine\network\mcpe\protocol\AvailableCommandsPacket pid=76 bytes=3364 sha256=44e4a7f7d2e09f77 head=4c150773756963696465046b696c6c05756e62616e06706172646f6e08756e62616e2d697009706172646f6e2d697002
2026-09-27 [03:47:37.288] [Server thread/INFO]: [NetworkSession: zIx45351N0lz] [FENIX-BEDROCK] #0018 OUT pocketmine\network\mcpe\protocol\UpdateAbilitiesPacket pid=187 bytes=35 sha256=138e4d10ebc3d754 head=bb0101000000000000000201010100ffff0f00ff0d0000cdcc4c3d0000803fcdcccc3d
2026-09-27 [03:47:37.288] [Server thread/INFO]: [NetworkSession: zIx45351N0lz] [FENIX-BEDROCK] #0019 OUT pocketmine\network\mcpe\protocol\UpdateAdventureSettingsPacket pid=188 bytes=7 sha256=b1277b141faca248 head=bc010000000101
2026-09-27 [03:47:37.289] [Server thread/INFO]: [NetworkSession: zIx45351N0lz] [FENIX-BEDROCK] #0020 OUT pocketmine\network\mcpe\protocol\InventoryContentPacket pid=49 bytes=301 sha256=36d63e3373b839ed head=310024000000000000000000000000000000000000000000000000000000000000000000000000000000000000000000
2026-09-27 [03:47:37.289] [Server thread/INFO]: [NetworkSession: zIx45351N0lz] [FENIX-BEDROCK] #0021 OUT pocketmine\network\mcpe\protocol\InventoryContentPacket pid=49 bytes=349 sha256=5c8e6933d460cc66 head=31002432014000000102000a0000000000000000000036ff4000000104ddc685e80c0a000000000000000000005f0101
2026-09-27 [03:47:37.289] [Server thread/INFO]: [NetworkSession: zIx45351N0lz] [FENIX-BEDROCK] #0022 OUT pocketmine\network\mcpe\protocol\InventoryContentPacket pid=49 bytes=21 sha256=72f490538e05596a head=317701000000000000000000000000000000000000
2026-09-27 [03:47:37.289] [Server thread/INFO]: [NetworkSession: zIx45351N0lz] [FENIX-BEDROCK] #0023 OUT pocketmine\network\mcpe\protocol\InventoryContentPacket pid=49 bytes=21 sha256=72f490538e05596a head=317701000000000000000000000000000000000000
2026-09-27 [03:47:37.289] [Server thread/INFO]: [NetworkSession: zIx45351N0lz] [FENIX-BEDROCK] #0024 OUT pocketmine\network\mcpe\protocol\InventoryContentPacket pid=49 bytes=45 sha256=9c99e3f18c771c0c head=317804000000000000000000000000000000000000000000000000000000000000000000000000000000000000
2026-09-27 [03:47:37.289] [Server thread/INFO]: [NetworkSession: zIx45351N0lz] [FENIX-BEDROCK] #0025 OUT pocketmine\network\mcpe\protocol\InventoryContentPacket pid=49 bytes=45 sha256=9c99e3f18c771c0c head=317804000000000000000000000000000000000000000000000000000000000000000000000000000000000000
2026-09-27 [03:47:37.289] [Server thread/INFO]: [NetworkSession: zIx45351N0lz] [FENIX-BEDROCK] #0026 OUT pocketmine\network\mcpe\protocol\InventorySlotPacket pid=50 bytes=13 sha256=b2b569df4408e197 head=327c0000000000000000000000
2026-09-27 [03:47:37.289] [Server thread/INFO]: [NetworkSession: zIx45351N0lz] [FENIX-BEDROCK] #0027 OUT pocketmine\network\mcpe\protocol\InventorySlotPacket pid=50 bytes=13 sha256=8eae216203eaf0cb head=327c1c00000000000000000000
2026-09-27 [03:47:37.290] [Server thread/INFO]: [NetworkSession: zIx45351N0lz] [FENIX-BEDROCK] #0028 OUT pocketmine\network\mcpe\protocol\InventorySlotPacket pid=50 bytes=13 sha256=26a4b02324ab4f8c head=327c1d00000000000000000000
2026-09-27 [03:47:37.290] [Server thread/INFO]: [NetworkSession: zIx45351N0lz] [FENIX-BEDROCK] #0029 OUT pocketmine\network\mcpe\protocol\InventorySlotPacket pid=50 bytes=13 sha256=f3d0e200407f320e head=327c1e00000000000000000000
2026-09-27 [03:47:37.290] [Server thread/INFO]: [NetworkSession: zIx45351N0lz] [FENIX-BEDROCK] #0030 OUT pocketmine\network\mcpe\protocol\InventorySlotPacket pid=50 bytes=13 sha256=800e484c6229e273 head=327c1f00000000000000000000
2026-09-27 [03:47:37.290] [Server thread/INFO]: [NetworkSession: zIx45351N0lz] [FENIX-BEDROCK] #0031 OUT pocketmine\network\mcpe\protocol\MobEquipmentPacket pid=31 bytes=24 sha256=4f27b44ae24d9c16 head=1f0132014000000102000a00000000000000000000000000
2026-09-27 [03:47:37.325] [Server thread/INFO]: [NetworkSession: zIx45351N0lz] [FENIX-BEDROCK] #0032 OUT pocketmine\network\mcpe\protocol\CreativeContentPacket pid=145 bytes=50578 sha256=486eee88237432e4 head=91016b01156974656d47726f75702e6e616d652e706c616e6b730a010000ecead8a80e2effff010a00000318005f5f5f
2026-09-27 [03:47:37.326] [Server thread/INFO]: [NetworkSession: zIx45351N0lz] [FENIX-BEDROCK] #0033 OUT pocketmine\network\mcpe\protocol\TrimDataPacket pid=302 bytes=1141 sha256=91f066f8af3ed456 head=ae02102c6d696e6563726166743a636f6173745f61726d6f725f7472696d5f736d697468696e675f74656d706c617465
2026-09-27 [03:47:37.371] [Server thread/INFO]: [NetworkSession: zIx45351N0lz] [FENIX-BEDROCK] #0034 OUT pocketmine\network\mcpe\protocol\CraftingDataPacket pid=52 bytes=451943 sha256=559b4e6018821962 head=349e072464393237353938352d643832372d343665662d383735302d30616137643732366632373502040201046e616d
2026-09-27 [03:47:37.372] [Server thread/INFO]: [NetworkSession: zIx45351N0lz] [FENIX-BEDROCK] #0035 OUT pocketmine\network\mcpe\protocol\PlayerListPacket pid=63 bytes=16607 sha256=cd93d58f162403ac head=3f0101005f30b04b72479f1173a38e26a0660b88020c7a497834353335314e306c7a1032353335343135313433323535
2026-09-27 [03:47:38.923] [Server thread/INFO]: [NetworkSession: zIx45351N0lz] [FENIX-BEDROCK] #0036 OUT pocketmine\network\mcpe\protocol\SetTimePacket pid=10 bytes=4 sha256=85cbe6795cd43da8 head=0acece11
2026-09-27 [03:47:39.884] [Server thread/INFO]: [NetworkSession: zIx45351N0lz] [FENIX-BEDROCK] #0037 IN pocketmine\network\mcpe\protocol\RequestChunkRadiusPacket pid=69 bytes=3 sha256=bb68ba1491c02a18 head=452c16
2026-09-27 [03:47:39.884] [Server thread/INFO]: [NetworkSession: zIx45351N0lz] [FENIX-BEDROCK] #0038 OUT pocketmine\network\mcpe\protocol\ChunkRadiusUpdatedPacket pid=70 bytes=2 sha256=7f48535770b90535 head=4620
2026-09-27 [03:47:39.884] [Server thread/INFO]: [NetworkSession: zIx45351N0lz] [FENIX-BEDROCK] #0039 IN pocketmine\network\mcpe\protocol\ServerboundLoadingScreenPacket pid=312 bytes=4 sha256=266efadddcd7f668 head=b8020200
2026-09-27 [03:47:39.924] [Server thread/INFO]: [NetworkSession: zIx45351N0lz] [FENIX-BEDROCK] #0040 OUT pocketmine\network\mcpe\protocol\NetworkChunkPublisherUpdatePacket pid=121 bytes=13 sha256=fa208729fb0008d9 head=79fc038c01c003800200000000
2026-09-27 [03:47:42.099] [Server thread/WARNING]: [NetworkSession: zIx45351N0lz] [FENIX-BEDROCK] ===== 1.26.x DISCONNECT DIAGNOSTIC V2 =====
2026-09-27 [03:47:42.100] [Server thread/WARNING]: [NetworkSession: zIx45351N0lz] [FENIX-BEDROCK] protocol=2193 session=zIx45351N0lz
2026-09-27 [03:47:42.100] [Server thread/WARNING]: [NetworkSession: zIx45351N0lz] [FENIX-BEDROCK] reason=type=pocketmine\lang\Translatable text=pocketmine.disconnect.clientDisconnect translated=Client disconnected parameters=[]
2026-09-27 [03:47:42.100] [Server thread/WARNING]: [NetworkSession: zIx45351N0lz] [FENIX-BEDROCK] connected=true disconnectGuard=false loggedIn=true authenticated=true
2026-09-27 [03:47:42.100] [Server thread/WARNING]: [NetworkSession: zIx45351N0lz] [FENIX-BEDROCK] handler=pocketmine\network\mcpe\handler\PreSpawnPacketHandler player=created
2026-09-27 [03:47:42.100] [Server thread/WARNING]: [NetworkSession: zIx45351N0lz] [FENIX-BEDROCK] last OUT: #0040 OUT pocketmine\network\mcpe\protocol\NetworkChunkPublisherUpdatePacket pid=121 bytes=13 sha256=fa208729fb0008d9 head=79fc038c01c003800200000000
2026-09-27 [03:47:42.100] [Server thread/WARNING]: [NetworkSession: zIx45351N0lz] [FENIX-BEDROCK] last IN : #0039 IN pocketmine\network\mcpe\protocol\ServerboundLoadingScreenPacket pid=312 bytes=4 sha256=266efadddcd7f668 head=b8020200
2026-09-27 [03:47:42.100] [Server thread/WARNING]: [NetworkSession: zIx45351N0lz] [FENIX-BEDROCK] likely stage from last OUT: chunk publisher / transition toward world streaming
2026-09-27 [03:47:42.100] [Server thread/WARNING]: [NetworkSession: zIx45351N0lz] [FENIX-BEDROCK] trace entries retained=40 (wire payloads are stored only for OUT packets)
2026-09-27 [03:47:42.100] [Server thread/WARNING]: [NetworkSession: zIx45351N0lz] [FENIX-BEDROCK] TRACE_TAIL #0016 OUT pocketmine\network\mcpe\protocol\BiomeDefinitionListPacket pid=122 bytes=7668 sha256=acf9d375343897b3 head=7a590000ffff0000003f0000003f00000000000080bfcdcccc3dd48717a501010501000200030004000500000600ffff
2026-09-27 [03:47:42.100] [Server thread/WARNING]: [NetworkSession: zIx45351N0lz] [FENIX-BEDROCK] TRACE_TAIL #0017 OUT pocketmine\network\mcpe\protocol\AvailableCommandsPacket pid=76 bytes=3364 sha256=44e4a7f7d2e09f77 head=4c150773756963696465046b696c6c05756e62616e06706172646f6e08756e62616e2d697009706172646f6e2d697002
2026-09-27 [03:47:42.100] [Server thread/WARNING]: [NetworkSession: zIx45351N0lz] [FENIX-BEDROCK] TRACE_TAIL #0018 OUT pocketmine\network\mcpe\protocol\UpdateAbilitiesPacket pid=187 bytes=35 sha256=138e4d10ebc3d754 head=bb0101000000000000000201010100ffff0f00ff0d0000cdcc4c3d0000803fcdcccc3d
2026-09-27 [03:47:42.100] [Server thread/WARNING]: [NetworkSession: zIx45351N0lz] [FENIX-BEDROCK] TRACE_TAIL #0019 OUT pocketmine\network\mcpe\protocol\UpdateAdventureSettingsPacket pid=188 bytes=7 sha256=b1277b141faca248 head=bc010000000101
2026-09-27 [03:47:42.100] [Server thread/WARNING]: [NetworkSession: zIx45351N0lz] [FENIX-BEDROCK] TRACE_TAIL #0020 OUT pocketmine\network\mcpe\protocol\InventoryContentPacket pid=49 bytes=301 sha256=36d63e3373b839ed head=310024000000000000000000000000000000000000000000000000000000000000000000000000000000000000000000
2026-09-27 [03:47:42.103] [Server thread/WARNING]: [NetworkSession: zIx45351N0lz] [FENIX-BEDROCK] TRACE_TAIL #0021 OUT pocketmine\network\mcpe\protocol\InventoryContentPacket pid=49 bytes=349 sha256=5c8e6933d460cc66 head=31002432014000000102000a0000000000000000000036ff4000000104ddc685e80c0a000000000000000000005f0101
2026-09-27 [03:47:42.103] [Server thread/WARNING]: [NetworkSession: zIx45351N0lz] [FENIX-BEDROCK] TRACE_TAIL #0022 OUT pocketmine\network\mcpe\protocol\InventoryContentPacket pid=49 bytes=21 sha256=72f490538e05596a head=317701000000000000000000000000000000000000
2026-09-27 [03:47:42.103] [Server thread/WARNING]: [NetworkSession: zIx45351N0lz] [FENIX-BEDROCK] TRACE_TAIL #0023 OUT pocketmine\network\mcpe\protocol\InventoryContentPacket pid=49 bytes=21 sha256=72f490538e05596a head=317701000000000000000000000000000000000000
2026-09-27 [03:47:42.103] [Server thread/WARNING]: [NetworkSession: zIx45351N0lz] [FENIX-BEDROCK] TRACE_TAIL #0024 OUT pocketmine\network\mcpe\protocol\InventoryContentPacket pid=49 bytes=45 sha256=9c99e3f18c771c0c head=317804000000000000000000000000000000000000000000000000000000000000000000000000000000000000
2026-09-27 [03:47:42.103] [Server thread/WARNING]: [NetworkSession: zIx45351N0lz] [FENIX-BEDROCK] TRACE_TAIL #0025 OUT pocketmine\network\mcpe\protocol\InventoryContentPacket pid=49 bytes=45 sha256=9c99e3f18c771c0c head=317804000000000000000000000000000000000000000000000000000000000000000000000000000000000000
2026-09-27 [03:47:42.103] [Server thread/WARNING]: [NetworkSession: zIx45351N0lz] [FENIX-BEDROCK] TRACE_TAIL #0026 OUT pocketmine\network\mcpe\protocol\InventorySlotPacket pid=50 bytes=13 sha256=b2b569df4408e197 head=327c0000000000000000000000
2026-09-27 [03:47:42.103] [Server thread/WARNING]: [NetworkSession: zIx45351N0lz] [FENIX-BEDROCK] TRACE_TAIL #0027 OUT pocketmine\network\mcpe\protocol\InventorySlotPacket pid=50 bytes=13 sha256=8eae216203eaf0cb head=327c1c00000000000000000000
2026-09-27 [03:47:42.103] [Server thread/WARNING]: [NetworkSession: zIx45351N0lz] [FENIX-BEDROCK] TRACE_TAIL #0028 OUT pocketmine\network\mcpe\protocol\InventorySlotPacket pid=50 bytes=13 sha256=26a4b02324ab4f8c head=327c1d00000000000000000000
2026-09-27 [03:47:42.103] [Server thread/WARNING]: [NetworkSession: zIx45351N0lz] [FENIX-BEDROCK] TRACE_TAIL #0029 OUT pocketmine\network\mcpe\protocol\InventorySlotPacket pid=50 bytes=13 sha256=f3d0e200407f320e head=327c1e00000000000000000000
2026-09-27 [03:47:42.103] [Server thread/WARNING]: [NetworkSession: zIx45351N0lz] [FENIX-BEDROCK] TRACE_TAIL #0030 OUT pocketmine\network\mcpe\protocol\InventorySlotPacket pid=50 bytes=13 sha256=800e484c6229e273 head=327c1f00000000000000000000
2026-09-27 [03:47:42.103] [Server thread/WARNING]: [NetworkSession: zIx45351N0lz] [FENIX-BEDROCK] TRACE_TAIL #0031 OUT pocketmine\network\mcpe\protocol\MobEquipmentPacket pid=31 bytes=24 sha256=4f27b44ae24d9c16 head=1f0132014000000102000a00000000000000000000000000
2026-09-27 [03:47:42.103] [Server thread/WARNING]: [NetworkSession: zIx45351N0lz] [FENIX-BEDROCK] TRACE_TAIL #0032 OUT pocketmine\network\mcpe\protocol\CreativeContentPacket pid=145 bytes=50578 sha256=486eee88237432e4 head=91016b01156974656d47726f75702e6e616d652e706c616e6b730a010000ecead8a80e2effff010a00000318005f5f5f
2026-09-27 [03:47:42.103] [Server thread/WARNING]: [NetworkSession: zIx45351N0lz] [FENIX-BEDROCK] TRACE_TAIL #0033 OUT pocketmine\network\mcpe\protocol\TrimDataPacket pid=302 bytes=1141 sha256=91f066f8af3ed456 head=ae02102c6d696e6563726166743a636f6173745f61726d6f725f7472696d5f736d697468696e675f74656d706c617465
2026-09-27 [03:47:42.103] [Server thread/WARNING]: [NetworkSession: zIx45351N0lz] [FENIX-BEDROCK] TRACE_TAIL #0034 OUT pocketmine\network\mcpe\protocol\CraftingDataPacket pid=52 bytes=451943 sha256=559b4e6018821962 head=349e072464393237353938352d643832372d343665662d383735302d30616137643732366632373502040201046e616d
2026-09-27 [03:47:42.103] [Server thread/WARNING]: [NetworkSession: zIx45351N0lz] [FENIX-BEDROCK] TRACE_TAIL #0035 OUT pocketmine\network\mcpe\protocol\PlayerListPacket pid=63 bytes=16607 sha256=cd93d58f162403ac head=3f0101005f30b04b72479f1173a38e26a0660b88020c7a497834353335314e306c7a1032353335343135313433323535
2026-09-27 [03:47:42.103] [Server thread/WARNING]: [NetworkSession: zIx45351N0lz] [FENIX-BEDROCK] TRACE_TAIL #0036 OUT pocketmine\network\mcpe\protocol\SetTimePacket pid=10 bytes=4 sha256=85cbe6795cd43da8 head=0acece11
2026-09-27 [03:47:42.103] [Server thread/WARNING]: [NetworkSession: zIx45351N0lz] [FENIX-BEDROCK] TRACE_TAIL #0037 IN pocketmine\network\mcpe\protocol\RequestChunkRadiusPacket pid=69 bytes=3 sha256=bb68ba1491c02a18 head=452c16
2026-09-27 [03:47:42.103] [Server thread/WARNING]: [NetworkSession: zIx45351N0lz] [FENIX-BEDROCK] TRACE_TAIL #0038 OUT pocketmine\network\mcpe\protocol\ChunkRadiusUpdatedPacket pid=70 bytes=2 sha256=7f48535770b90535 head=4620
2026-09-27 [03:47:42.103] [Server thread/WARNING]: [NetworkSession: zIx45351N0lz] [FENIX-BEDROCK] TRACE_TAIL #0039 IN pocketmine\network\mcpe\protocol\ServerboundLoadingScreenPacket pid=312 bytes=4 sha256=266efadddcd7f668 head=b8020200
2026-09-27 [03:47:42.103] [Server thread/WARNING]: [NetworkSession: zIx45351N0lz] [FENIX-BEDROCK] TRACE_TAIL #0040 OUT pocketmine\network\mcpe\protocol\NetworkChunkPublisherUpdatePacket pid=121 bytes=13 sha256=fa208729fb0008d9 head=79fc038c01c003800200000000
2026-09-27 [03:47:42.103] [Server thread/WARNING]: [NetworkSession: zIx45351N0lz] [FENIX-BEDROCK] The Bedrock 'Block' help.minecraft.net screen is client-generated; the human-readable UI text is normally not sent back to the server. This diagnostic records the exact reason object, last packets, handler/state, and wire bytes available on the server.
2026-09-27 [03:47:42.103] [Server thread/WARNING]: [NetworkSession: zIx45351N0lz] [FENIX-BEDROCK] ===== END DIAGNOSTIC V2 =====
2026-09-27 [03:47:42.105] [Server thread/WARNING]: [NetworkSession: zIx45351N0lz] [FENIX-BEDROCK] ===== 1.26.x DISCONNECT DIAGNOSTIC V2 =====
2026-09-27 [03:47:42.105] [Server thread/WARNING]: [NetworkSession: zIx45351N0lz] [FENIX-BEDROCK] protocol=2193 session=zIx45351N0lz
2026-09-27 [03:47:42.105] [Server thread/WARNING]: [NetworkSession: zIx45351N0lz] [FENIX-BEDROCK] reason=type=pocketmine\lang\Translatable text=pocketmine.disconnect.clientDisconnect translated=Client disconnected parameters=[]
2026-09-27 [03:47:42.105] [Server thread/WARNING]: [NetworkSession: zIx45351N0lz] [FENIX-BEDROCK] connected=false disconnectGuard=false loggedIn=true authenticated=true
2026-09-27 [03:47:42.105] [Server thread/WARNING]: [NetworkSession: zIx45351N0lz] [FENIX-BEDROCK] handler=<null> player=created
2026-09-27 [03:47:42.105] [Server thread/WARNING]: [NetworkSession: zIx45351N0lz] [FENIX-BEDROCK] last OUT: #0040 OUT pocketmine\network\mcpe\protocol\NetworkChunkPublisherUpdatePacket pid=121 bytes=13 sha256=fa208729fb0008d9 head=79fc038c01c003800200000000
2026-09-27 [03:47:42.105] [Server thread/WARNING]: [NetworkSession: zIx45351N0lz] [FENIX-BEDROCK] last IN : #0039 IN pocketmine\network\mcpe\protocol\ServerboundLoadingScreenPacket pid=312 bytes=4 sha256=266efadddcd7f668 head=b8020200
2026-09-27 [03:47:42.105] [Server thread/WARNING]: [NetworkSession: zIx45351N0lz] [FENIX-BEDROCK] likely stage from last OUT: chunk publisher / transition toward world streaming
2026-09-27 [03:47:42.105] [Server thread/WARNING]: [NetworkSession: zIx45351N0lz] [FENIX-BEDROCK] trace entries retained=40 (wire payloads are stored only for OUT packets)
2026-09-27 [03:47:42.105] [Server thread/WARNING]: [NetworkSession: zIx45351N0lz] [FENIX-BEDROCK] TRACE_TAIL #0016 OUT pocketmine\network\mcpe\protocol\BiomeDefinitionListPacket pid=122 bytes=7668 sha256=acf9d375343897b3 head=7a590000ffff0000003f0000003f00000000000080bfcdcccc3dd48717a501010501000200030004000500000600ffff
2026-09-27 [03:47:42.105] [Server thread/WARNING]: [NetworkSession: zIx45351N0lz] [FENIX-BEDROCK] TRACE_TAIL #0017 OUT pocketmine\network\mcpe\protocol\AvailableCommandsPacket pid=76 bytes=3364 sha256=44e4a7f7d2e09f77 head=4c150773756963696465046b696c6c05756e62616e06706172646f6e08756e62616e2d697009706172646f6e2d697002
2026-09-27 [03:47:42.105] [Server thread/WARNING]: [NetworkSession: zIx45351N0lz] [FENIX-BEDROCK] TRACE_TAIL #0018 OUT pocketmine\network\mcpe\protocol\UpdateAbilitiesPacket pid=187 bytes=35 sha256=138e4d10ebc3d754 head=bb0101000000000000000201010100ffff0f00ff0d0000cdcc4c3d0000803fcdcccc3d
2026-09-27 [03:47:42.105] [Server thread/WARNING]: [NetworkSession: zIx45351N0lz] [FENIX-BEDROCK] TRACE_TAIL #0019 OUT pocketmine\network\mcpe\protocol\UpdateAdventureSettingsPacket pid=188 bytes=7 sha256=b1277b141faca248 head=bc010000000101
2026-09-27 [03:47:42.105] [Server thread/WARNING]: [NetworkSession: zIx45351N0lz] [FENIX-BEDROCK] TRACE_TAIL #0020 OUT pocketmine\network\mcpe\protocol\InventoryContentPacket pid=49 bytes=301 sha256=36d63e3373b839ed head=310024000000000000000000000000000000000000000000000000000000000000000000000000000000000000000000
2026-09-27 [03:47:42.105] [Server thread/WARNING]: [NetworkSession: zIx45351N0lz] [FENIX-BEDROCK] TRACE_TAIL #0021 OUT pocketmine\network\mcpe\protocol\InventoryContentPacket pid=49 bytes=349 sha256=5c8e6933d460cc66 head=31002432014000000102000a0000000000000000000036ff4000000104ddc685e80c0a000000000000000000005f0101
2026-09-27 [03:47:42.105] [Server thread/WARNING]: [NetworkSession: zIx45351N0lz] [FENIX-BEDROCK] TRACE_TAIL #0022 OUT pocketmine\network\mcpe\protocol\InventoryContentPacket pid=49 bytes=21 sha256=72f490538e05596a head=317701000000000000000000000000000000000000
2026-09-27 [03:47:42.105] [Server thread/WARNING]: [NetworkSession: zIx45351N0lz] [FENIX-BEDROCK] TRACE_TAIL #0023 OUT pocketmine\network\mcpe\protocol\InventoryContentPacket pid=49 bytes=21 sha256=72f490538e05596a head=317701000000000000000000000000000000000000
2026-09-27 [03:47:42.105] [Server thread/WARNING]: [NetworkSession: zIx45351N0lz] [FENIX-BEDROCK] TRACE_TAIL #0024 OUT pocketmine\network\mcpe\protocol\InventoryContentPacket pid=49 bytes=45 sha256=9c99e3f18c771c0c head=317804000000000000000000000000000000000000000000000000000000000000000000000000000000000000
2026-09-27 [03:47:42.105] [Server thread/WARNING]: [NetworkSession: zIx45351N0lz] [FENIX-BEDROCK] TRACE_TAIL #0025 OUT pocketmine\network\mcpe\protocol\InventoryContentPacket pid=49 bytes=45 sha256=9c99e3f18c771c0c head=317804000000000000000000000000000000000000000000000000000000000000000000000000000000000000
2026-09-27 [03:47:42.105] [Server thread/WARNING]: [NetworkSession: zIx45351N0lz] [FENIX-BEDROCK] TRACE_TAIL #0026 OUT pocketmine\network\mcpe\protocol\InventorySlotPacket pid=50 bytes=13 sha256=b2b569df4408e197 head=327c0000000000000000000000
2026-09-27 [03:47:42.105] [Server thread/WARNING]: [NetworkSession: zIx45351N0lz] [FENIX-BEDROCK] TRACE_TAIL #0027 OUT pocketmine\network\mcpe\protocol\InventorySlotPacket pid=50 bytes=13 sha256=8eae216203eaf0cb head=327c1c00000000000000000000
2026-09-27 [03:47:42.105] [Server thread/WARNING]: [NetworkSession: zIx45351N0lz] [FENIX-BEDROCK] TRACE_TAIL #0028 OUT pocketmine\network\mcpe\protocol\InventorySlotPacket pid=50 bytes=13 sha256=26a4b02324ab4f8c head=327c1d00000000000000000000
2026-09-27 [03:47:42.105] [Server thread/WARNING]: [NetworkSession: zIx45351N0lz] [FENIX-BEDROCK] TRACE_TAIL #0029 OUT pocketmine\network\mcpe\protocol\InventorySlotPacket pid=50 bytes=13 sha256=f3d0e200407f320e head=327c1e00000000000000000000
2026-09-27 [03:47:42.105] [Server thread/WARNING]: [NetworkSession: zIx45351N0lz] [FENIX-BEDROCK] TRACE_TAIL #0030 OUT pocketmine\network\mcpe\protocol\InventorySlotPacket pid=50 bytes=13 sha256=800e484c6229e273 head=327c1f00000000000000000000
2026-09-27 [03:47:42.105] [Server thread/WARNING]: [NetworkSession: zIx45351N0lz] [FENIX-BEDROCK] TRACE_TAIL #0031 OUT pocketmine\network\mcpe\protocol\MobEquipmentPacket pid=31 bytes=24 sha256=4f27b44ae24d9c16 head=1f0132014000000102000a00000000000000000000000000
2026-09-27 [03:47:42.105] [Server thread/WARNING]: [NetworkSession: zIx45351N0lz] [FENIX-BEDROCK] TRACE_TAIL #0032 OUT pocketmine\network\mcpe\protocol\CreativeContentPacket pid=145 bytes=50578 sha256=486eee88237432e4 head=91016b01156974656d47726f75702e6e616d652e706c616e6b730a010000ecead8a80e2effff010a00000318005f5f5f
2026-09-27 [03:47:42.105] [Server thread/WARNING]: [NetworkSession: zIx45351N0lz] [FENIX-BEDROCK] TRACE_TAIL #0033 OUT pocketmine\network\mcpe\protocol\TrimDataPacket pid=302 bytes=1141 sha256=91f066f8af3ed456 head=ae02102c6d696e6563726166743a636f6173745f61726d6f725f7472696d5f736d697468696e675f74656d706c617465
2026-09-27 [03:47:42.105] [Server thread/WARNING]: [NetworkSession: zIx45351N0lz] [FENIX-BEDROCK] TRACE_TAIL #0034 OUT pocketmine\network\mcpe\protocol\CraftingDataPacket pid=52 bytes=451943 sha256=559b4e6018821962 head=349e072464393237353938352d643832372d343665662d383735302d30616137643732366632373502040201046e616d
2026-09-27 [03:47:42.105] [Server thread/WARNING]: [NetworkSession: zIx45351N0lz] [FENIX-BEDROCK] TRACE_TAIL #0035 OUT pocketmine\network\mcpe\protocol\PlayerListPacket pid=63 bytes=16607 sha256=cd93d58f162403ac head=3f0101005f30b04b72479f1173a38e26a0660b88020c7a497834353335314e306c7a1032353335343135313433323535
2026-09-27 [03:47:42.105] [Server thread/WARNING]: [NetworkSession: zIx45351N0lz] [FENIX-BEDROCK] TRACE_TAIL #0036 OUT pocketmine\network\mcpe\protocol\SetTimePacket pid=10 bytes=4 sha256=85cbe6795cd43da8 head=0acece11
2026-09-27 [03:47:42.105] [Server thread/WARNING]: [NetworkSession: zIx45351N0lz] [FENIX-BEDROCK] TRACE_TAIL #0037 IN pocketmine\network\mcpe\protocol\RequestChunkRadiusPacket pid=69 bytes=3 sha256=bb68ba1491c02a18 head=452c16
2026-09-27 [03:47:42.106] [Server thread/WARNING]: [NetworkSession: zIx45351N0lz] [FENIX-BEDROCK] TRACE_TAIL #0038 OUT pocketmine\network\mcpe\protocol\ChunkRadiusUpdatedPacket pid=70 bytes=2 sha256=7f48535770b90535 head=4620
2026-09-27 [03:47:42.106] [Server thread/WARNING]: [NetworkSession: zIx45351N0lz] [FENIX-BEDROCK] TRACE_TAIL #0039 IN pocketmine\network\mcpe\protocol\ServerboundLoadingScreenPacket pid=312 bytes=4 sha256=266efadddcd7f668 head=b8020200
2026-09-27 [03:47:42.106] [Server thread/WARNING]: [NetworkSession: zIx45351N0lz] [FENIX-BEDROCK] TRACE_TAIL #0040 OUT pocketmine\network\mcpe\protocol\NetworkChunkPublisherUpdatePacket pid=121 bytes=13 sha256=fa208729fb0008d9 head=79fc038c01c003800200000000
2026-09-27 [03:47:42.106] [Server thread/WARNING]: [NetworkSession: zIx45351N0lz] [FENIX-BEDROCK] The Bedrock 'Block' help.minecraft.net screen is client-generated; the human-readable UI text is normally not sent back to the server. This diagnostic records the exact reason object, last packets, handler/state, and wire bytes available on the server.
2026-09-27 [03:47:42.106] [Server thread/WARNING]: [NetworkSession: zIx45351N0lz] [FENIX-BEDROCK] ===== END DIAGNOSTIC V2 =====
2026-09-27 [03:47:42.106] [Server thread/INFO]: [NetworkSession: zIx45351N0lz] Session closed: Client disconnected
2026-09-27 [03:47:44.600] [AsyncWorker#19 thread/WARNING]: [Cyclic Garbage Collector] Slow GC run #1 took 99.56 ms (44991 -> 0 roots, 0 cycles collected)
2026-09-27 [03:47:44.892] [AsyncWorker#20 thread/WARNING]: [Cyclic Garbage Collector] Slow GC run #1 took 100.24 ms (44991 -> 0 roots, 0 cycles collected)
2026-09-27 [03:47:45.304] [AsyncWorker#21 thread/WARNING]: [Cyclic Garbage Collector] Slow GC run #1 took 99.74 ms (44991 -> 0 roots, 0 cycles collected)
2026-09-27 [03:47:45.997] [AsyncWorker#23 thread/WARNING]: [Cyclic Garbage Collector] Slow GC run #1 took 94.19 ms (44991 -> 0 roots, 0 cycles collected)
2026-09-27 [03:47:46.198] [AsyncWorker#22 thread/WARNING]: [Cyclic Garbage Collector] Slow GC run #1 took 94.20 ms (44991 -> 0 roots, 0 cycles collected)
2026-09-27 [03:47:46.992] [AsyncWorker#24 thread/WARNING]: [Cyclic Garbage Collector] Slow GC run #1 took 99.64 ms (44991 -> 0 roots, 0 cycles collected)
2026-09-27 [03:47:56.106] [AsyncWorker#29 thread/WARNING]: [Cyclic Garbage Collector] Slow GC run #1 took 202.94 ms (92090 -> 266 roots, 63 cycles collected)
2026-09-27 [03:47:56.207] [AsyncWorker#28 thread/WARNING]: [Cyclic Garbage Collector] Slow GC run #1 took 306.64 ms (92091 -> 266 roots, 63 cycles collected)
2026-09-27 [03:47:56.293] [AsyncWorker#26 thread/WARNING]: [Cyclic Garbage Collector] Slow GC run #1 took 310.43 ms (92091 -> 266 roots, 63 cycles collected)
2026-09-27 [03:47:56.302] [AsyncWorker#27 thread/WARNING]: [Cyclic Garbage Collector] Slow GC run #1 took 292.03 ms (92098 -> 266 roots, 63 cycles collected)
2026-09-27 [03:47:56.509] [AsyncWorker#25 thread/WARNING]: [Cyclic Garbage Collector] Slow GC run #1 took 312.46 ms (92091 -> 266 roots, 63 cycles collected)
2026-09-27 [03:47:56.796] [AsyncWorker#18 thread/WARNING]: [Cyclic Garbage Collector] Slow GC run #1 took 185.95 ms (92094 -> 266 roots, 63 cycles collected)
2026-09-27 [03:47:59.603] [AsyncWorker#16 thread/WARNING]: [Cyclic Garbage Collector] Slow GC run #1 took 300.86 ms (92091 -> 266 roots, 63 cycles collected)
2026-09-27 [03:47:59.908] [AsyncWorker#13 thread/WARNING]: [Cyclic Garbage Collector] Slow GC run #1 took 114.59 ms (92094 -> 266 roots, 63 cycles collected)
2026-09-27 [03:48:00.805] [AsyncWorker#17 thread/WARNING]: [Cyclic Garbage Collector] Slow GC run #1 took 190.57 ms (92094 -> 266 roots, 63 cycles collected)
2026-09-27 [03:48:00.995] [AsyncWorker#11 thread/WARNING]: [Cyclic Garbage Collector] Slow GC run #1 took 220.47 ms (92091 -> 266 roots, 63 cycles collected)
2026-09-27 [03:48:03.797] [AsyncWorker#5 thread/WARNING]: [Cyclic Garbage Collector] Slow GC run #1 took 310.79 ms (92091 -> 266 roots, 63 cycles collected)
2026-09-27 [03:48:04.211] [AsyncWorker#4 thread/WARNING]: [Cyclic Garbage Collector] Slow GC run #1 took 212.74 ms (92091 -> 266 roots, 63 cycles collected)
2026-09-27 [03:48:04.303] [AsyncWorker#1 thread/WARNING]: [Cyclic Garbage Collector] Slow GC run #1 took 301.59 ms (92091 -> 266 roots, 63 cycles collected)
2026-09-27 [03:48:04.308] [AsyncWorker#15 thread/WARNING]: [Cyclic Garbage Collector] Slow GC run #1 took 205.06 ms (92091 -> 266 roots, 63 cycles collected)
2026-09-27 [03:48:04.400] [AsyncWorker#12 thread/WARNING]: [Cyclic Garbage Collector] Slow GC run #1 took 292.50 ms (92091 -> 266 roots, 63 cycles collected)
2026-09-27 [03:48:04.404] [AsyncWorker#7 thread/WARNING]: [Cyclic Garbage Collector] Slow GC run #1 took 287.06 ms (92098 -> 266 roots, 63 cycles collected)
2026-09-27 [03:48:04.410] [AsyncWorker#3 thread/WARNING]: [Cyclic Garbage Collector] Slow GC run #1 took 290.09 ms (92098 -> 266 roots, 63 cycles collected)
2026-09-27 [03:48:04.411] [AsyncWorker#2 thread/WARNING]: [Cyclic Garbage Collector] Slow GC run #1 took 211.94 ms (92098 -> 266 roots, 63 cycles collected)
2026-09-27 [03:48:04.417] [AsyncWorker#0 thread/WARNING]: [Cyclic Garbage Collector] Slow GC run #1 took 221.12 ms (92099 -> 266 roots, 63 cycles collected)
2026-09-27 [03:48:04.493] [AsyncWorker#6 thread/WARNING]: [Cyclic Garbage Collector] Slow GC run #1 took 127.75 ms (92098 -> 266 roots, 63 cycles collected)
2026-09-27 [03:48:04.559] [AsyncWorker#14 thread/WARNING]: [Cyclic Garbage Collector] Slow GC run #1 took 52.35 ms (92094 -> 266 roots, 63 cycles collected)
